[2026-09-16T07:13:52Z] retention smoke 10-round start
Sliding Window Attention is enabled but not implemented for `sdpa`; unexpected results may be encountered.
[plain] round 1: resume
[plain] round 2: resume
[plain] round 3: resume
[plain] round 4: resume
[plain] round 5: resume
[plain] round 6: resume
[plain] round 7: resume
[plain] round 8: resume
[plain] round 9: resume
[plain] round 10: resume
[spd_hard] round 1: resume
[spd_hard] round 2: resume
[spd_hard] round 3: resume
[spd_hard] round 4: resume
[spd_hard] round 5: resume
[spd_hard] round 6: resume
Traceback (most recent call last):
  File "<frozen runpy>", line 198, in _run_module_as_main
  File "<frozen runpy>", line 88, in _run_code
  File "/root/improving/src/improving/__main__.py", line 3, in <module>
    raise SystemExit(main())
                     ^^^^^^
  File "/root/improving/src/improving/cli.py", line 97, in main
    result = _dispatch(args)
             ^^^^^^^^^^^^^^^
  File "/root/improving/src/improving/cli.py", line 152, in _dispatch
    return run_experiment(config, resume=args.resume)
           ^^^^^^^^^^^^^^^^^^^^^^^^^^^^^^^^^^^^^^^^^^
  File "/root/improving/src/improving/pipeline.py", line 483, in run_experiment
    model, stats = train_on_records(model, tokenizer, splits['train'], records,
                   ^^^^^^^^^^^^^^^^^^^^^^^^^^^^^^^^^^^^^^^^^^^^^^^^^^^^^^^^^^^^
  File "/root/improving/src/improving/training.py", line 100, in train_on_records
    merged.save_pretrained(temporary_path, safe_serialization=True)
  File "/root/miniconda3/envs/improving-iclr/lib/python3.11/site-packages/transformers/modeling_utils.py", line 3564, in save_pretrained
    safe_save_file(shard, os.path.join(save_directory, shard_file), metadata={"format": "pt"})
  File "/root/miniconda3/envs/improving-iclr/lib/python3.11/site-packages/safetensors/torch.py", line 323, in save_file
    serialize_file(
safetensors._safetensors_rust.SafetensorError: Error while serializing: I/O error: No space left on device (os error 28)
[2026-09-16T07:42:14Z] retention smoke 10-round exit_code=1
[2026-09-16T08:08:59Z] resume after disk cleanup
[spd_hard] round 6: resume
Sliding Window Attention is enabled but not implemented for `sdpa`; unexpected results may be encountered.
[spd_hard] round 7: resume
[spd_hard] round 8: resume
[spd_hard] round 9: resume
[spd_hard] round 10: resume
[spectral_soft] round 1: resume
[spectral_soft] round 2: resume
[spectral_soft] round 3: resume
[spectral_soft] round 4: resume
[spectral_soft] round 5: resume
[spectral_soft] round 6: resume
[spectral_soft] round 7: resume
[spectral_soft] round 8: resume
[spectral_soft] round 9: resume
[spectral_soft] round 10: resume
{
  "status": "completed",
  "output_dir": "runs/retention_smoke_10round_32gb_local_v1",
  "methods": [
    "plain",
    "spd_hard",
    "spectral_soft"
  ],
  "rounds": 10,
  "elapsed_this_invocation_seconds": 1632.530029898975,
  "verification": "completed"
}
[2026-09-16T08:36:16Z] retention smoke 10-round exit_code=0
